******************************************************************************
                  TI ARM Linker PC v20.2.5                     
******************************************************************************
>> Linked Wed Apr 12 19:44:14 2023

OUTPUT FILE NAME:   <Lab7.out>
ENTRY POINT SYMBOL: "_c_int00_noargs"  address: 00003121


MEMORY CONFIGURATION

         name            origin    length      used     unused   attr    fill
----------------------  --------  ---------  --------  --------  ----  --------
  MAIN                  00000000   00040000  00003525  0003cadb  R  X
  INFO                  00200000   00004000  00000000  00004000  R  X
  SRAM_CODE             01000000   00010000  000009cc  0000f634  RW X
  SRAM_DATA             20000000   00010000  000009cc  0000f634  RW  


SEGMENT ALLOCATION MAP

run origin  load origin   length   init length attrs members
----------  ----------- ---------- ----------- ----- -------
00000000    00000000    00003528   00003528    r-x
  00000000    00000000    000000e4   000000e4    r-- .intvecs
  000000e4    000000e4    000032a8   000032a8    r-x .text
  0000338c    0000338c    00000101   00000101    r-- .const
  00003490    00003490    00000098   00000098    r-- .cinit
20000000    20000000    000007cc   00000000    rw-
  20000000    20000000    00000400   00000000    rw- .sysmem
  20000400    20000400    00000204   00000000    rw- .data
  20000604    20000604    000001c8   00000000    rw- .bss
2000fe00    2000fe00    00000200   00000000    rw-
  2000fe00    2000fe00    00000200   00000000    rw- .stack


SECTION ALLOCATION MAP

 output                                  attributes/
section   page    origin      length       input sections
--------  ----  ----------  ----------   ----------------
.intvecs   0    00000000    000000e4     
                  00000000    000000e4     startup_msp432p401r_ccs.obj (.intvecs:retain)

.text      0    000000e4    000032a8     
                  000000e4    00000a4e     rtsv7M4_T_le_v4SPD16_eabi.lib : _printfi.c.obj (.text:__TI_printfi)
                  00000b32    00000002                                   : _lock.c.obj (.text:_nop)
                  00000b34    00000334     system_msp432p401r.obj (.text)
                  00000e68    00000294     Lab7_main1.obj (.text)
                  000010fc    00000270     rtsv7M4_T_le_v4SPD16_eabi.lib : _printfi.c.obj (.text:_pconv_a)
                  0000136c    000001e0     Clock.obj (.text)
                  0000154c    000001d0     rtsv7M4_T_le_v4SPD16_eabi.lib : _printfi.c.obj (.text:_pconv_g)
                  0000171c    000001b6                                   : fd_add_t2.asm.obj (.text)
                  000018d2    00000002                                   : div0.asm.obj (.text)
                  000018d4    0000013c                                   : _printfi.c.obj (.text:_pconv_e)
                  00001a10    00000136                                   : fd_div_t2.asm.obj (.text)
                  00001b46    00000002     --HOLE-- [fill = 0]
                  00001b48    00000124                                   : _printfi.c.obj (.text:fcvt)
                  00001c6c    00000114                                   : fputs.c.obj (.text:fputs)
                  00001d80    00000110                                   : s_scalbn.c.obj (.text:scalbn)
                  00001e90    00000100     Init_Ports.obj (.text)
                  00001f90    00000100     rtsv7M4_T_le_v4SPD16_eabi.lib : memory.c.obj (.text:aligned_alloc)
                  00002090    000000fc                                   : fd_mul_t2.asm.obj (.text)
                  0000218c    000000e4                                   : memory.c.obj (.text:free)
                  00002270    000000dc                                   : setvbuf.c.obj (.text:setvbuf)
                  0000234c    000000b1                                   : _printfi.c.obj (.text:_ltostr)
                  000023fd    00000001     --HOLE-- [fill = 0]
                  000023fe    0000009c                                   : memcpy_t2.asm.obj (.text)
                  0000249a    00000096                                   : ull_div_t2.asm.obj (.text)
                  00002530    0000008c                                   : fputc.c.obj (.text:fputc)
                  000025bc    00000086                                   : fd_cmp_t2.asm.obj (.text:__aeabi_cdcmple)
                  00002642    00000086                                   : fd_cmp_t2.asm.obj (.text:__aeabi_cdrcmple)
                  000026c8    0000007a                                   : memset_t2.asm.obj (.text)
                  00002742    00000002     --HOLE-- [fill = 0]
                  00002744    00000074                                   : fclose.c.obj (.text:__TI_closefile)
                  000027b8    00000070                                   : memory.c.obj (.text:split)
                  00002828    0000006e                                   : _printfi.c.obj (.text:_mcpy)
                  00002896    00000002     --HOLE-- [fill = 0]
                  00002898    0000006c                                   : hostrename.c.obj (.text:HOSTrename)
                  00002904    00000068                                   : hostlseek.c.obj (.text:HOSTlseek)
                  0000296c    00000068                                   : copy_decompress_lzss.c.obj (.text:decompress:lzss:__TI_decompress_lzss)
                  000029d4    00000068                                   : printf.c.obj (.text:printf)
                  00002a3c    00000064                                   : s_frexp.c.obj (.text:frexp)
                  00002aa0    00000064                                   : fseek.c.obj (.text:fseek)
                  00002b04    00000062                                   : _io_perm.c.obj (.text:__TI_wrt_ok)
                  00002b66    00000002     --HOLE-- [fill = 0]
                  00002b68    00000060                                   : hostopen.c.obj (.text:HOSTopen)
                  00002bc8    0000005c                                   : close.c.obj (.text:close)
                  00002c24    00000058                                   : hostread.c.obj (.text:HOSTread)
                  00002c7c    00000058                                   : hostwrite.c.obj (.text:HOSTwrite)
                  00002cd4    00000056                                   : _printfi.c.obj (.text:_pconv_f)
                  00002d2a    00000054                                   : _ltoa.c.obj (.text:__TI_ltoa)
                  00002d7e    00000052                                   : _printfi.c.obj (.text:_ecpy)
                  00002dd0    0000004c                                   : fflush.c.obj (.text:__TI_doflush)
                  00002e1c    0000004c                                   : atoi.c.obj (.text:atoi)
                  00002e68    00000048                                   : exit.c.obj (.text:exit)
                  00002eb0    00000048                                   : fd_toi_t2.asm.obj (.text)
                  00002ef8    00000044                                   : hostclose.c.obj (.text:HOSTclose)
                  00002f3c    00000044                                   : hostunlink.c.obj (.text:HOSTunlink)
                  00002f80    00000044                                   : autoinit.c.obj (.text:__TI_auto_init_nobinit_nopinit:__TI_auto_init_nobinit_nopinit)
                  00002fc4    00000044                                   : getdevice.c.obj (.text:getdevice)
                  00003008    0000003e                                   : _printfi.c.obj (.text:_fcpy)
                  00003046    00000002     --HOLE-- [fill = 0]
                  00003048    00000038                                   : trgmsg.c.obj (.text:__TI_writemsg)
                  00003080    00000036                                   : strncpy.c.obj (.text:strncpy)
                  000030b6    00000002     --HOLE-- [fill = 0]
                  000030b8    00000034                                   : fopen.c.obj (.text:__TI_cleanup)
                  000030ec    00000034                                   : trgmsg.c.obj (.text:__TI_readmsg)
                  00003120    00000034                                   : boot_cortex_m.c.obj (.text:_c_int00_noargs:_c_int00_noargs)
                  00003154    00000030                                   : getdevice.c.obj (.text:finddevice)
                  00003184    0000002e                                   : i_tofd_t2.asm.obj (.text)
                  000031b2    00000002     --HOLE-- [fill = 0]
                  000031b4    0000002c                                   : unlink.c.obj (.text:unlink)
                  000031e0    00000028                                   : memory.c.obj (.text:free_list_insert)
                  00003208    00000028                                   : lseek.c.obj (.text:lseek)
                  00003230    00000028                                   : write.c.obj (.text:write)
                  00003258    00000020                                   : memchr.c.obj (.text:memchr)
                  00003278    0000001c                                   : copy_zero_init.c.obj (.text:decompress:ZI:__TI_zero_init_nomemset:__TI_zero_init_nomemset)
                  00003294    0000001c                                   : memory.c.obj (.text:free_list_remove)
                  000032b0    0000001c                                   : memccpy.c.obj (.text:memccpy)
                  000032cc    0000001a                                   : s_copysign.c.obj (.text:copysign)
                  000032e6    00000018                                   : strcmp.c.obj (.text:strcmp)
                  000032fe    00000016                                   : strchr.c.obj (.text:strchr)
                  00003314    00000014                                   : strcpy.c.obj (.text:strcpy)
                  00003328    00000014                                   : strlen.c.obj (.text:strlen)
                  0000333c    00000012                                   : wcslen.c.obj (.text:wcslen)
                  0000334e    0000000e                                   : copy_decompress_none.c.obj (.text:decompress:none:__TI_decompress_none)
                  0000335c    0000000e     startup_msp432p401r_ccs.obj (.text)
                  0000336a    00000002     --HOLE-- [fill = 0]
                  0000336c    00000008     rtsv7M4_T_le_v4SPD16_eabi.lib : errno.c.obj (.text:__aeabi_errno_addr)
                  00003374    00000008                                   : memory.c.obj (.text:malloc)
                  0000337c    00000004                                   : printf.c.obj (.text:_outc)
                  00003380    00000004                                   : printf.c.obj (.text:_outs)
                  00003384    00000004                                   : pre_init.c.obj (.text:_system_pre_init)
                  00003388    00000004                                   : exit.c.obj (.text:abort:abort)

.const     0    0000338c    00000101     
                  0000338c    00000101     rtsv7M4_T_le_v4SPD16_eabi.lib : ctype.c.obj (.const:.string:_ctypes_)

.cinit     0    00003490    00000098     
                  00003490    0000006f     (.cinit..data.load) [load image, compression = lzss]
                  000034ff    00000001     --HOLE-- [fill = 0]
                  00003500    0000000c     (__TI_handler_table)
                  0000350c    00000004     --HOLE-- [fill = 0]
                  00003510    00000008     (.cinit..bss.load) [load image, compression = zero_init]
                  00003518    00000010     (__TI_cinit_table)

.init_array 
*          0    00000000    00000000     UNINITIALIZED

.binit     0    00000000    00000000     

.sysmem    0    20000000    00000400     UNINITIALIZED
                  20000000    00000010     rtsv7M4_T_le_v4SPD16_eabi.lib : memory.c.obj (.sysmem)
                  20000010    000003f0     --HOLE--

.data      0    20000400    00000204     UNINITIALIZED
                  20000400    000000f0     rtsv7M4_T_le_v4SPD16_eabi.lib : defs.c.obj (.data:_ftable)
                  200004f0    00000078                                   : host_device.c.obj (.data:_device)
                  20000568    00000050                                   : host_device.c.obj (.data:_stream)
                  200005b8    00000018     Clock.obj (.data)
                  200005d0    00000010     rtsv7M4_T_le_v4SPD16_eabi.lib : defs.c.obj (.data)
                  200005e0    0000000c                                   : exit.c.obj (.data:$O1$$)
                  200005ec    00000008                                   : _lock.c.obj (.data:$O1$$)
                  200005f4    00000008                                   : memory.c.obj (.data:$O1$$)
                  200005fc    00000004                                   : errno.c.obj (.data)
                  20000600    00000004     system_msp432p401r.obj (.data)

.bss       0    20000604    000001c8     UNINITIALIZED
                  20000604    00000120     rtsv7M4_T_le_v4SPD16_eabi.lib : trgmsg.c.obj (.bss:_CIOBUF_)
                  20000724    000000a0     (.common:__TI_tmpnams)
                  200007c4    00000008     (.common:parmbuf)

.stack     0    2000fe00    00000200     UNINITIALIZED
                  2000fe00    00000004     rtsv7M4_T_le_v4SPD16_eabi.lib : boot_cortex_m.c.obj (.stack)
                  2000fe04    000001fc     --HOLE--

__llvm_prf_cnts 
*          0    20000000    00000000     UNINITIALIZED

MODULE SUMMARY

       Module                        code    ro data   rw data
       ------                        ----    -------   -------
    .\
       system_msp432p401r.obj        820     0         8      
       Lab7_main1.obj                660     0         0      
       Clock.obj                     480     0         48     
       Init_Ports.obj                256     0         0      
       startup_msp432p401r_ccs.obj   14      228       0      
    +--+-----------------------------+-------+---------+---------+
       Total:                        2230    228       56     
                                                              
    C:\ti\ccs1110\ccs\tools\compiler\ti-cgt-arm_20.2.5.LTS\lib\rtsv7M4_T_le_v4SPD16_eabi.lib
       _printfi.c.obj                4851    0         0      
       defs.c.obj                    0       0         832    
       memory.c.obj                  672     0         16     
       trgmsg.c.obj                  108     0         576    
       fd_add_t2.asm.obj             438     0         0      
       host_device.c.obj             0       0         400    
       fd_div_t2.asm.obj             310     0         0      
       fputs.c.obj                   276     0         0      
       s_scalbn.c.obj                272     0         0      
       fd_cmp_t2.asm.obj             268     0         0      
       ctype.c.obj                   0       257       0      
       fd_mul_t2.asm.obj             252     0         0      
       setvbuf.c.obj                 220     0         0      
       memcpy_t2.asm.obj             156     0         0      
       ull_div_t2.asm.obj            150     0         0      
       fputc.c.obj                   140     0         0      
       memset_t2.asm.obj             122     0         0      
       fclose.c.obj                  116     0         0      
       getdevice.c.obj               116     0         0      
       hostopen.c.obj                96      0         16     
       printf.c.obj                  112     0         0      
       hostrename.c.obj              108     0         0      
       copy_decompress_lzss.c.obj    104     0         0      
       hostlseek.c.obj               104     0         0      
       exit.c.obj                    76      0         24     
       fseek.c.obj                   100     0         0      
       s_frexp.c.obj                 100     0         0      
       _io_perm.c.obj                98      0         0      
       close.c.obj                   92      0         0      
       hostread.c.obj                88      0         0      
       hostwrite.c.obj               88      0         0      
       _ltoa.c.obj                   84      0         0      
       atoi.c.obj                    76      0         0      
       fflush.c.obj                  76      0         0      
       fd_toi_t2.asm.obj             72      0         0      
       autoinit.c.obj                68      0         0      
       hostclose.c.obj               68      0         0      
       hostunlink.c.obj              68      0         0      
       strncpy.c.obj                 54      0         0      
       boot_cortex_m.c.obj           52      0         0      
       fopen.c.obj                   52      0         0      
       i_tofd_t2.asm.obj             46      0         0      
       unlink.c.obj                  44      0         0      
       lseek.c.obj                   40      0         0      
       write.c.obj                   40      0         0      
       memchr.c.obj                  32      0         0      
       copy_zero_init.c.obj          28      0         0      
       memccpy.c.obj                 28      0         0      
       s_copysign.c.obj              26      0         0      
       strcmp.c.obj                  24      0         0      
       strchr.c.obj                  22      0         0      
       strcpy.c.obj                  20      0         0      
       strlen.c.obj                  20      0         0      
       _lock.c.obj                   2       0         16     
       wcslen.c.obj                  18      0         0      
       errno.c.obj                   8       0         8      
       copy_decompress_none.c.obj    14      0         0      
       pre_init.c.obj                4       0         0      
       div0.asm.obj                  2       0         0      
    +--+-----------------------------+-------+---------+---------+
       Total:                        10721   257       1888   
                                                              
       Heap:                         0       0         2048   
       Stack:                        0       0         1024   
       Linker Generated:             0       147       0      
    +--+-----------------------------+-------+---------+---------+
       Grand Total:                  12951   632       5016   


LINKER GENERATED COPY TABLES

__TI_cinit_table @ 00003518 records: 2, size/record: 8, table size: 16
	.data: load addr=00003490, load size=0000006f bytes, run addr=20000400, run size=00000204 bytes, compression=lzss
	.bss: load addr=00003510, load size=00000008 bytes, run addr=20000604, run size=000001c8 bytes, compression=zero_init


LINKER GENERATED HANDLER TABLE

__TI_handler_table @ 00003500 records: 3, size/record: 4, table size: 12
	index: 0, handler: __TI_decompress_lzss
	index: 1, handler: __TI_decompress_none
	index: 2, handler: __TI_zero_init


GLOBAL SYMBOLS: SORTED ALPHABETICALLY BY Name 

address   name                           
-------   ----                           
00003369  ADC14_IRQHandler               
00003369  AES256_IRQHandler              
00003369  BusFault_Handler               
00003389  C$$EXIT                        
00003077  C$$IO$$                        
00003369  COMP_E0_IRQHandler             
00003369  COMP_E1_IRQHandler             
200005c0  CPMwait                        
00003369  CS_IRQHandler                  
200005b8  ClockFrequency                 
000014c1  Clock_Delay1ms                 
00001497  Clock_Delay1us                 
00001483  Clock_GetFreq                  
0000136d  Clock_Init48MHz                
200005cc  Crystalstable                  
00003369  DMA_ERR_IRQHandler             
00003369  DMA_INT0_IRQHandler            
00003369  DMA_INT1_IRQHandler            
00003369  DMA_INT2_IRQHandler            
00003369  DMA_INT3_IRQHandler            
00003369  DebugMon_Handler               
00003369  Default_Handler                
00003369  EUSCIA0_IRQHandler             
00003369  EUSCIA1_IRQHandler             
00003369  EUSCIA2_IRQHandler             
00003369  EUSCIA3_IRQHandler             
00003369  EUSCIB0_IRQHandler             
00003369  EUSCIB1_IRQHandler             
00003369  EUSCIB2_IRQHandler             
00003369  EUSCIB3_IRQHandler             
00003369  FLCTL_IRQHandler               
00003369  FPU_IRQHandler                 
00002ef9  HOSTclose                      
00002905  HOSTlseek                      
00002b69  HOSTopen                       
00002c25  HOSTread                       
00002899  HOSTrename                     
00002f3d  HOSTunlink                     
00002c7d  HOSTwrite                      
00003369  HardFault_Handler              
200005c8  IFlags                         
00003369  MemManage_Handler              
00003369  NMI_Handler                    
00003369  PCM_IRQHandler                 
00003369  PORT1_IRQHandler               
00003369  PORT2_IRQHandler               
00003369  PORT3_IRQHandler               
00003369  PORT4_IRQHandler               
00003369  PORT5_IRQHandler               
00003369  PORT6_IRQHandler               
00003369  PSS_IRQHandler                 
00003369  PendSV_Handler                 
00001f4f  Port10_Init                    
00001e91  Port1_Init                     
00001e93  Port2_Init                     
00001ecd  Port3_Init                     
00001ee3  Port4_Init                     
00001ee5  Port5_Init                     
00001ef7  Port6_Init                     
00001f2b  Port7_Init                     
00001f2d  Port8_Init                     
00001f4d  Port9_Init                     
00001f51  PortJ_Init                     
200005c4  Postwait                       
200005bc  Prewait                        
00003369  RTC_C_IRQHandler               
0000335d  Reset_Handler                  
00003369  SVC_Handler                    
00000e87  Servo                          
00000e69  ServoInit                      
00003369  SysTick_Handler                
20000600  SystemCoreClock                
00000b35  SystemCoreClockUpdate          
00000dad  SystemInit                     
00003369  T32_INT1_IRQHandler            
00003369  T32_INT2_IRQHandler            
00003369  T32_INTC_IRQHandler            
00003369  TA0_0_IRQHandler               
00003369  TA0_N_IRQHandler               
00003369  TA1_0_IRQHandler               
00003369  TA1_N_IRQHandler               
00003369  TA2_0_IRQHandler               
00003369  TA2_N_IRQHandler               
00003369  TA3_0_IRQHandler               
00003369  TA3_N_IRQHandler               
00000fb1  TimerInit                      
00003369  UsageFault_Handler             
4000480c  WDTCTL_SYM                     
00003369  WDT_A_IRQHandler               
20000604  __CIOBUF_                      
20010000  __STACK_END                    
00000200  __STACK_SIZE                   
00000400  __SYSMEM_SIZE                  
00003518  __TI_CINIT_Base                
00003528  __TI_CINIT_Limit               
00003500  __TI_Handler_Table_Base        
0000350c  __TI_Handler_Table_Limit       
00002f81  __TI_auto_init_nobinit_nopinit 
000030b9  __TI_cleanup                   
200005e0  __TI_cleanup_ptr               
00002745  __TI_closefile                 
0000296d  __TI_decompress_lzss           
0000334f  __TI_decompress_none           
00002dd1  __TI_doflush                   
200005e4  __TI_dtors_ptr                 
200005e8  __TI_enable_exit_profile_output
200005d0  __TI_ft_end                    
00002d2b  __TI_ltoa                      
ffffffff  __TI_pprof_out_hndl            
000000e5  __TI_printfi                   
ffffffff  __TI_prof_data_size            
ffffffff  __TI_prof_data_start           
000030ed  __TI_readmsg                   
00000000  __TI_static_base__             
20000724  __TI_tmpnams                   
00003049  __TI_writemsg                  
00002b05  __TI_wrt_ok                    
00003279  __TI_zero_init_nomemset        
000025bd  __aeabi_cdcmpeq                
000025bd  __aeabi_cdcmple                
00002643  __aeabi_cdrcmple               
00002eb1  __aeabi_d2iz                   
00001727  __aeabi_dadd                   
00001a11  __aeabi_ddiv                   
00002091  __aeabi_dmul                   
0000171d  __aeabi_dsub                   
0000336d  __aeabi_errno_addr             
00003185  __aeabi_i2d                    
000018d3  __aeabi_idiv0                  
000018d3  __aeabi_ldiv0                  
000026c9  __aeabi_memclr                 
000026c9  __aeabi_memclr4                
000026c9  __aeabi_memclr8                
000023ff  __aeabi_memcpy                 
000023ff  __aeabi_memcpy4                
000023ff  __aeabi_memcpy8                
000026cb  __aeabi_memset                 
000026cb  __aeabi_memset4                
000026cb  __aeabi_memset8                
200005dc  __aeabi_stderr                 
200005d4  __aeabi_stdin                  
200005d8  __aeabi_stdout                 
0000249b  __aeabi_uldivmod               
ffffffff  __binit__                      
ffffffff  __c_args__                     
UNDEFED   __mpu_init                     
2000fe00  __stack                        
20000000  __start___llvm_prf_cnts        
20000000  __stop___llvm_prf_cnts         
00003121  _c_int00_noargs                
0000338c  _ctypes_                       
200004f0  _device                        
20000400  _ftable                        
200005ec  _lock                          
00000b33  _nop                           
20000568  _stream                        
20000000  _sys_memory                    
UNDEFED   _system_post_cinit             
00003385  _system_pre_init               
200005f0  _unlock                        
00003389  abort                          
00001f91  aligned_alloc                  
00002e1d  atoi                           
ffffffff  binit                          
00002bc9  close                          
000032cd  copysign                       
000032cd  copysignl                      
00001489  delay                          
00000eaf  distanceInCm                   
200005fc  errno                          
00002e69  exit                           
00003155  finddevice                     
00002531  fputc                          
00001c6d  fputs                          
0000218d  free                           
00002a3d  frexp                          
00002a3d  frexpl                         
00002aa1  fseek                          
00002fc5  getdevice                      
00000000  interruptVectors               
00001d81  ldexp                          
00001d81  ldexpl                         
00003209  lseek                          
0000105d  main                           
00003375  malloc                         
00001f91  memalign                       
000032b1  memccpy                        
00003259  memchr                         
000023ff  memcpy                         
000026d1  memset                         
200007c4  parmbuf                        
000029d5  printf                         
00000ee5  pulseIn                        
00002531  putc                           
000031b5  remove                         
00001d81  scalbn                         
00001d81  scalbnl                        
00002271  setvbuf                        
000032ff  strchr                         
000032e7  strcmp                         
00003315  strcpy                         
00003329  strlen                         
00003081  strncpy                        
000031b5  unlink                         
0000333d  wcslen                         
00003231  write                          


GLOBAL SYMBOLS: SORTED BY Symbol Address 

address   name                           
-------   ----                           
00000000  __TI_static_base__             
00000000  interruptVectors               
000000e5  __TI_printfi                   
00000200  __STACK_SIZE                   
00000400  __SYSMEM_SIZE                  
00000b33  _nop                           
00000b35  SystemCoreClockUpdate          
00000dad  SystemInit                     
00000e69  ServoInit                      
00000e87  Servo                          
00000eaf  distanceInCm                   
00000ee5  pulseIn                        
00000fb1  TimerInit                      
0000105d  main                           
0000136d  Clock_Init48MHz                
00001483  Clock_GetFreq                  
00001489  delay                          
00001497  Clock_Delay1us                 
000014c1  Clock_Delay1ms                 
0000171d  __aeabi_dsub                   
00001727  __aeabi_dadd                   
000018d3  __aeabi_idiv0                  
000018d3  __aeabi_ldiv0                  
00001a11  __aeabi_ddiv                   
00001c6d  fputs                          
00001d81  ldexp                          
00001d81  ldexpl                         
00001d81  scalbn                         
00001d81  scalbnl                        
00001e91  Port1_Init                     
00001e93  Port2_Init                     
00001ecd  Port3_Init                     
00001ee3  Port4_Init                     
00001ee5  Port5_Init                     
00001ef7  Port6_Init                     
00001f2b  Port7_Init                     
00001f2d  Port8_Init                     
00001f4d  Port9_Init                     
00001f4f  Port10_Init                    
00001f51  PortJ_Init                     
00001f91  aligned_alloc                  
00001f91  memalign                       
00002091  __aeabi_dmul                   
0000218d  free                           
00002271  setvbuf                        
000023ff  __aeabi_memcpy                 
000023ff  __aeabi_memcpy4                
000023ff  __aeabi_memcpy8                
000023ff  memcpy                         
0000249b  __aeabi_uldivmod               
00002531  fputc                          
00002531  putc                           
000025bd  __aeabi_cdcmpeq                
000025bd  __aeabi_cdcmple                
00002643  __aeabi_cdrcmple               
000026c9  __aeabi_memclr                 
000026c9  __aeabi_memclr4                
000026c9  __aeabi_memclr8                
000026cb  __aeabi_memset                 
000026cb  __aeabi_memset4                
000026cb  __aeabi_memset8                
000026d1  memset                         
00002745  __TI_closefile                 
00002899  HOSTrename                     
00002905  HOSTlseek                      
0000296d  __TI_decompress_lzss           
000029d5  printf                         
00002a3d  frexp                          
00002a3d  frexpl                         
00002aa1  fseek                          
00002b05  __TI_wrt_ok                    
00002b69  HOSTopen                       
00002bc9  close                          
00002c25  HOSTread                       
00002c7d  HOSTwrite                      
00002d2b  __TI_ltoa                      
00002dd1  __TI_doflush                   
00002e1d  atoi                           
00002e69  exit                           
00002eb1  __aeabi_d2iz                   
00002ef9  HOSTclose                      
00002f3d  HOSTunlink                     
00002f81  __TI_auto_init_nobinit_nopinit 
00002fc5  getdevice                      
00003049  __TI_writemsg                  
00003077  C$$IO$$                        
00003081  strncpy                        
000030b9  __TI_cleanup                   
000030ed  __TI_readmsg                   
00003121  _c_int00_noargs                
00003155  finddevice                     
00003185  __aeabi_i2d                    
000031b5  remove                         
000031b5  unlink                         
00003209  lseek                          
00003231  write                          
00003259  memchr                         
00003279  __TI_zero_init_nomemset        
000032b1  memccpy                        
000032cd  copysign                       
000032cd  copysignl                      
000032e7  strcmp                         
000032ff  strchr                         
00003315  strcpy                         
00003329  strlen                         
0000333d  wcslen                         
0000334f  __TI_decompress_none           
0000335d  Reset_Handler                  
00003369  ADC14_IRQHandler               
00003369  AES256_IRQHandler              
00003369  BusFault_Handler               
00003369  COMP_E0_IRQHandler             
00003369  COMP_E1_IRQHandler             
00003369  CS_IRQHandler                  
00003369  DMA_ERR_IRQHandler             
00003369  DMA_INT0_IRQHandler            
00003369  DMA_INT1_IRQHandler            
00003369  DMA_INT2_IRQHandler            
00003369  DMA_INT3_IRQHandler            
00003369  DebugMon_Handler               
00003369  Default_Handler                
00003369  EUSCIA0_IRQHandler             
00003369  EUSCIA1_IRQHandler             
00003369  EUSCIA2_IRQHandler             
00003369  EUSCIA3_IRQHandler             
00003369  EUSCIB0_IRQHandler             
00003369  EUSCIB1_IRQHandler             
00003369  EUSCIB2_IRQHandler             
00003369  EUSCIB3_IRQHandler             
00003369  FLCTL_IRQHandler               
00003369  FPU_IRQHandler                 
00003369  HardFault_Handler              
00003369  MemManage_Handler              
00003369  NMI_Handler                    
00003369  PCM_IRQHandler                 
00003369  PORT1_IRQHandler               
00003369  PORT2_IRQHandler               
00003369  PORT3_IRQHandler               
00003369  PORT4_IRQHandler               
00003369  PORT5_IRQHandler               
00003369  PORT6_IRQHandler               
00003369  PSS_IRQHandler                 
00003369  PendSV_Handler                 
00003369  RTC_C_IRQHandler               
00003369  SVC_Handler                    
00003369  SysTick_Handler                
00003369  T32_INT1_IRQHandler            
00003369  T32_INT2_IRQHandler            
00003369  T32_INTC_IRQHandler            
00003369  TA0_0_IRQHandler               
00003369  TA0_N_IRQHandler               
00003369  TA1_0_IRQHandler               
00003369  TA1_N_IRQHandler               
00003369  TA2_0_IRQHandler               
00003369  TA2_N_IRQHandler               
00003369  TA3_0_IRQHandler               
00003369  TA3_N_IRQHandler               
00003369  UsageFault_Handler             
00003369  WDT_A_IRQHandler               
0000336d  __aeabi_errno_addr             
00003375  malloc                         
00003385  _system_pre_init               
00003389  C$$EXIT                        
00003389  abort                          
0000338c  _ctypes_                       
00003500  __TI_Handler_Table_Base        
0000350c  __TI_Handler_Table_Limit       
00003518  __TI_CINIT_Base                
00003528  __TI_CINIT_Limit               
20000000  __start___llvm_prf_cnts        
20000000  __stop___llvm_prf_cnts         
20000000  _sys_memory                    
20000400  _ftable                        
200004f0  _device                        
20000568  _stream                        
200005b8  ClockFrequency                 
200005bc  Prewait                        
200005c0  CPMwait                        
200005c4  Postwait                       
200005c8  IFlags                         
200005cc  Crystalstable                  
200005d0  __TI_ft_end                    
200005d4  __aeabi_stdin                  
200005d8  __aeabi_stdout                 
200005dc  __aeabi_stderr                 
200005e0  __TI_cleanup_ptr               
200005e4  __TI_dtors_ptr                 
200005e8  __TI_enable_exit_profile_output
200005ec  _lock                          
200005f0  _unlock                        
200005fc  errno                          
20000600  SystemCoreClock                
20000604  __CIOBUF_                      
20000724  __TI_tmpnams                   
200007c4  parmbuf                        
2000fe00  __stack                        
20010000  __STACK_END                    
4000480c  WDTCTL_SYM                     
ffffffff  __TI_pprof_out_hndl            
ffffffff  __TI_prof_data_size            
ffffffff  __TI_prof_data_start           
ffffffff  __binit__                      
ffffffff  __c_args__                     
ffffffff  binit                          
UNDEFED   __mpu_init                     
UNDEFED   _system_post_cinit             

[206 symbols]
